[    0.000000] Linux version 4.15.0-202-generic (buildd@lcy02-amd64-115) (gcc version 7.5.0 (Ubuntu 7.5.0-3ubuntu1~18.04)) #213-Ubuntu SMP Thu Jan 5 19:19:12 UTC 2023 (Ubuntu 4.15.0-202.213-generic 4.15.18)
[    0.000000] Command line: BOOT_IMAGE=/boot/vmlinuz-4.15.0-202-generic root=LABEL=cloudimg-rootfs ro console=tty1 console=ttyS0
[    0.000000] KERNEL supported cpus:
[    0.000000]   Intel GenuineIntel
[    0.000000]   AMD AuthenticAMD
[    0.000000]   Centaur CentaurHauls
[    0.000000] x86/fpu: Supporting XSAVE feature 0x001: 'x87 floating point registers'
[    0.000000] x86/fpu: Supporting XSAVE feature 0x002: 'SSE registers'
[    0.000000] x86/fpu: Supporting XSAVE feature 0x004: 'AVX registers'
[    0.000000] x86/fpu: xstate_offset[2]:  576, xstate_sizes[2]:  256
[    0.000000] x86/fpu: Enabled xstate features 0x7, context size is 832 bytes, using 'standard' format.
[    0.000000] e820: BIOS-provided physical RAM map:
[    0.000000] BIOS-e820: [mem 0x0000000000000000-0x000000000009fbff] usable
[    0.000000] BIOS-e820: [mem 0x000000000009fc00-0x000000000009ffff] reserved
[    0.000000] BIOS-e820: [mem 0x00000000000f0000-0x00000000000fffff] reserved
[    0.000000] BIOS-e820: [mem 0x0000000000100000-0x000000003ffeffff] usable
[    0.000000] BIOS-e820: [mem 0x000000003fff0000-0x000000003fffffff] ACPI data
[    0.000000] BIOS-e820: [mem 0x00000000fec00000-0x00000000fec00fff] reserved
[    0.000000] BIOS-e820: [mem 0x00000000fee00000-0x00000000fee00fff] reserved
[    0.000000] BIOS-e820: [mem 0x00000000fffc0000-0x00000000ffffffff] reserved
[    0.000000] NX (Execute Disable) protection: active
[    0.000000] SMBIOS 2.5 present.
[    0.000000] DMI: innotek GmbH VirtualBox/VirtualBox, BIOS VirtualBox 12/01/2006
[    0.000000] Hypervisor detected: KVM
[    0.000000] e820: last_pfn = 0x3fff0 max_arch_pfn = 0x400000000
[    0.000000] MTRR: Disabled
[    0.000000] x86/PAT: MTRRs disabled, skipping PAT initialization too.
[    0.000000] CPU MTRRs all blank - virtualized system.
[    0.000000] x86/PAT: Configuration [0-7]: WB  WT  UC- UC  WB  WT  UC- UC  
[    0.000000] found SMP MP-table at [mem 0x0009fff0-0x0009ffff]
[    0.000000] Scanning 1 areas for low memory corruption
[    0.000000] RAMDISK: [mem 0x359c9000-0x36cdbfff]
[    0.000000] ACPI: Early table checksum verification disabled
[    0.000000] ACPI: RSDP 0x00000000000E0000 000024 (v02 VBOX  )
[    0.000000] ACPI: XSDT 0x000000003FFF0030 00003C (v01 VBOX   VBOXXSDT 00000001 ASL  00000061)
[    0.000000] ACPI: FACP 0x000000003FFF00F0 0000F4 (v04 VBOX   VBOXFACP 00000001 ASL  00000061)
[    0.000000] ACPI: DSDT 0x000000003FFF0610 002353 (v02 VBOX   VBOXBIOS 00000002 INTL 20100528)
[    0.000000] ACPI: FACS 0x000000003FFF0200 000040
[    0.000000] ACPI: FACS 0x000000003FFF0200 000040
[    0.000000] ACPI: APIC 0x000000003FFF0240 00005C (v02 VBOX   VBOXAPIC 00000001 ASL  00000061)
[    0.000000] ACPI: SSDT 0x000000003FFF02A0 00036C (v01 VBOX   VBOXCPUT 00000002 INTL 20100528)
[    0.000000] ACPI: Reserving FACP table memory at [mem 0x3fff00f0-0x3fff01e3]
[    0.000000] ACPI: Reserving DSDT table memory at [mem 0x3fff0610-0x3fff2962]
[    0.000000] ACPI: Reserving FACS table memory at [mem 0x3fff0200-0x3fff023f]
[    0.000000] ACPI: Reserving FACS table memory at [mem 0x3fff0200-0x3fff023f]
[    0.000000] ACPI: Reserving APIC table memory at [mem 0x3fff0240-0x3fff029b]
[    0.000000] ACPI: Reserving SSDT table memory at [mem 0x3fff02a0-0x3fff060b]
[    0.000000] No NUMA configuration found
[    0.000000] Faking a node at [mem 0x0000000000000000-0x000000003ffeffff]
[    0.000000] NODE_DATA(0) allocated [mem 0x3ffc5000-0x3ffeffff]
[    0.000000] kvm-clock: cpu 0, msr 0:3ff44001, primary cpu clock
[    0.000000] kvm-clock: Using msrs 4b564d01 and 4b564d00
[    0.000000] kvm-clock: using sched offset of 4964231731 cycles
[    0.000000] clocksource: kvm-clock: mask: 0xffffffffffffffff max_cycles: 0x1cd42e4dffb, max_idle_ns: 881590591483 ns
[    0.000000] Zone ranges:
[    0.000000]   DMA      [mem 0x0000000000001000-0x0000000000ffffff]
[    0.000000]   DMA32    [mem 0x0000000001000000-0x000000003ffeffff]
[    0.000000]   Normal   empty
[    0.000000]   Device   empty
[    0.000000] Movable zone start for each node
[    0.000000] Early memory node ranges
[    0.000000]   node   0: [mem 0x0000000000001000-0x000000000009efff]
[    0.000000]   node   0: [mem 0x0000000000100000-0x000000003ffeffff]
[    0.000000] Reserved but unavailable: 104 pages
[    0.000000] Initmem setup node 0 [mem 0x0000000000001000-0x000000003ffeffff]
[    0.000000] ACPI: PM-Timer IO Port: 0x4008
[    0.000000] IOAPIC[0]: apic_id 2, version 32, address 0xfec00000, GSI 0-23
[    0.000000] ACPI: INT_SRC_OVR (bus 0 bus_irq 0 global_irq 2 dfl dfl)
[    0.000000] ACPI: INT_SRC_OVR (bus 0 bus_irq 9 global_irq 9 low level)
[    0.000000] Using ACPI (MADT) for SMP configuration information
[    0.000000] smpboot: Allowing 2 CPUs, 0 hotplug CPUs
[    0.000000] PM: Registered nosave memory: [mem 0x00000000-0x00000fff]
[    0.000000] PM: Registered nosave memory: [mem 0x0009f000-0x0009ffff]
[    0.000000] PM: Registered nosave memory: [mem 0x000a0000-0x000effff]
[    0.000000] PM: Registered nosave memory: [mem 0x000f0000-0x000fffff]
[    0.000000] e820: [mem 0x40000000-0xfebfffff] available for PCI devices
[    0.000000] Booting paravirtualized kernel on KVM
[    0.000000] clocksource: refined-jiffies: mask: 0xffffffff max_cycles: 0xffffffff, max_idle_ns: 7645519600211568 ns
[    0.000000] setup_percpu: NR_CPUS:8192 nr_cpumask_bits:2 nr_cpu_ids:2 nr_node_ids:1
[    0.000000] percpu: Embedded 50 pages/cpu s167936 r8192 d28672 u1048576
[    0.000000] PV qspinlock hash table entries: 256 (order: 0, 4096 bytes)
[    0.000000] Built 1 zonelists, mobility grouping on.  Total pages: 257913
[    0.000000] Policy zone: DMA32
[    0.000000] Kernel command line: BOOT_IMAGE=/boot/vmlinuz-4.15.0-202-generic root=LABEL=cloudimg-rootfs ro console=tty1 console=ttyS0
[    0.000000] Memory: 982648K/1048120K available (12300K kernel code, 2477K rwdata, 4320K rodata, 2472K init, 2720K bss, 65472K reserved, 0K cma-reserved)
[    0.000000] SLUB: HWalign=64, Order=0-3, MinObjects=0, CPUs=2, Nodes=1
[    0.000000] Kernel/User page tables isolation: enabled
[    0.000000] ftrace: allocating 39478 entries in 155 pages
[    0.004000] Hierarchical RCU implementation.
[    0.004000] 	RCU restricting CPUs from NR_CPUS=8192 to nr_cpu_ids=2.
[    0.004000] 	Tasks RCU enabled.
[    0.004000] RCU: Adjusting geometry for rcu_fanout_leaf=16, nr_cpu_ids=2
[    0.004000] NR_IRQS: 524544, nr_irqs: 440, preallocated irqs: 16
[    0.004000] random: crng init done
[    0.004000] Console: colour VGA+ 80x25
[    0.004000] console [tty1] enabled
[    0.004000] console [ttyS0] enabled
[    0.004000] ACPI: Core revision 20170831
[    0.004000] ACPI: 2 ACPI AML tables successfully acquired and loaded
[    0.004000] APIC: Switch to symmetric I/O mode setup
[    0.004000] x2apic enabled
[    0.004013] Switched APIC routing to physical x2apic.
[    0.012000] ..TIMER: vector=0x30 apic1=0 pin1=2 apic2=-1 pin2=-1
[    0.012009] tsc: Detected 2294.688 MHz processor
[    0.014491] Calibrating delay loop (skipped) preset value.. 4589.37 BogoMIPS (lpj=9178752)
[    0.016015] pid_max: default: 32768 minimum: 301
[    0.020103] Security Framework initialized
[    0.024007] Yama: becoming mindful.
[    0.026122] AppArmor: AppArmor initialized
[    0.032145] Dentry cache hash table entries: 131072 (order: 8, 1048576 bytes)
[    0.036213] Inode-cache hash table entries: 65536 (order: 7, 524288 bytes)
[    0.040037] Mount-cache hash table entries: 2048 (order: 2, 16384 bytes)
[    0.044016] Mountpoint-cache hash table entries: 2048 (order: 2, 16384 bytes)
[    0.053040] Last level iTLB entries: 4KB 1024, 2MB 1024, 4MB 1024
[    0.056000] Last level dTLB entries: 4KB 1024, 2MB 1024, 4MB 1024, 1GB 4
[    0.056008] Spectre V1 : Mitigation: usercopy/swapgs barriers and __user pointer sanitization
[    0.060021] Spectre V2 : Mitigation: Retpolines
[    0.064017] Spectre V2 : Spectre v2 / SpectreRSB mitigation: Filling RSB on context switch
[    0.068009] Speculative Store Bypass: Vulnerable
[    0.072090] MDS: Mitigation: Clear CPU buffers
[    0.076004] MMIO Stale Data: Unknown: No mitigations
[    0.080034] SRBDS: Unknown: Dependent on hypervisor status
[    0.084218] Freeing SMP alternatives memory: 36K
[    0.199796] smpboot: CPU0: Intel(R) Core(TM) i5-4200U CPU @ 1.60GHz (family: 0x6, model: 0x45, stepping: 0x1)
[    0.200244] Performance Events: unsupported p6 CPU model 69 no PMU driver, software events only.
[    0.204153] Hierarchical SRCU implementation.
[    0.212760] NMI watchdog: Perf event create on CPU 0 failed with -2
[    0.215999] NMI watchdog: Perf NMI watchdog permanently disabled
[    0.216149] smp: Bringing up secondary CPUs ...
[    0.220209] x86: Booting SMP configuration:
[    0.224048] .... node  #0, CPUs:      #1
[    0.004000] kvm-clock: cpu 1, msr 0:3ff44041, secondary cpu clock
[    0.236029] smp: Brought up 1 node, 2 CPUs
[    0.237975] smpboot: Max logical packages: 1
[    0.240020] smpboot: Total of 2 processors activated (9178.75 BogoMIPS)
[    0.244351] devtmpfs: initialized
[    0.248150] x86/mm: Memory block size: 128MB
[    0.252159] evm: security.selinux
[    0.254077] evm: security.SMACK64
[    0.256008] evm: security.SMACK64EXEC
[    0.258435] evm: security.SMACK64TRANSMUTE
[    0.260009] evm: security.SMACK64MMAP
[    0.262081] evm: security.apparmor
[    0.264005] evm: security.ima
[    0.265964] evm: security.capability
[    0.268130] clocksource: jiffies: mask: 0xffffffff max_cycles: 0xffffffff, max_idle_ns: 7645041785100000 ns
[    0.272034] futex hash table entries: 512 (order: 3, 32768 bytes)
[    0.276095] pinctrl core: initialized pinctrl subsystem
[    0.284272] RTC time:  5:20:47, date: 01/28/23
[    0.288354] NET: Registered protocol family 16
[    0.292406] audit: initializing netlink subsys (disabled)
[    0.296064] audit: type=2000 audit(1674883253.814:1): state=initialized audit_enabled=0 res=1
[    0.300015] cpuidle: using governor ladder
[    0.304021] cpuidle: using governor menu
[    0.306602] ACPI: bus type PCI registered
[    0.308007] acpiphp: ACPI Hot Plug PCI Controller Driver version: 0.5
[    0.312316] PCI: Using configuration type 1 for base access
[    0.324184] HugeTLB registered 2.00 MiB page size, pre-allocated 0 pages
[    0.328140] ACPI: Added _OSI(Module Device)
[    0.331030] ACPI: Added _OSI(Processor Device)
[    0.332018] ACPI: Added _OSI(3.0 _SCP Extensions)
[    0.336010] ACPI: Added _OSI(Processor Aggregator Device)
[    0.340033] ACPI: Added _OSI(Linux-Dell-Video)
[    0.344026] ACPI: Added _OSI(Linux-Lenovo-NV-HDMI-Audio)
[    0.348010] ACPI: Added _OSI(Linux-HPI-Hybrid-Graphics)
[    0.352260] ACPI: Executed 1 blocks of module-level executable AML code
[    0.377553] ACPI: Interpreter enabled
[    0.380065] ACPI: (supports S0 S5)
[    0.382647] ACPI: Using IOAPIC for interrupt routing
[    0.388097] PCI: Using host bridge windows from ACPI; if necessary, use "pci=nocrs" and report a bug
[    0.392676] ACPI: Enabled 2 GPEs in block 00 to 07
[    0.430694] ACPI: PCI Root Bridge [PCI0] (domain 0000 [bus 00-ff])
[    0.432022] acpi PNP0A03:00: _OSC: OS supports [ASPM ClockPM Segments MSI]
[    0.442481] acpi PNP0A03:00: _OSC: not requesting OS control; OS requires [ExtendedConfig ASPM ClockPM MSI]
[    0.444063] acpi PNP0A03:00: fail to add MMCONFIG information, can't access extended PCI configuration space under this bridge.
[    0.449874] PCI host bridge to bus 0000:00
[    0.452022] pci_bus 0000:00: root bus resource [io  0x0000-0x0cf7 window]
[    0.455815] pci_bus 0000:00: root bus resource [io  0x0d00-0xffff window]
[    0.456024] pci_bus 0000:00: root bus resource [mem 0x000a0000-0x000bffff window]
[    0.460019] pci_bus 0000:00: root bus resource [mem 0x40000000-0xfdffffff window]
[    0.464018] pci_bus 0000:00: root bus resource [bus 00-ff]
[    0.472558] pci 0000:00:01.1: legacy IDE quirk: reg 0x10: [io  0x01f0-0x01f7]
[    0.476000] pci 0000:00:01.1: legacy IDE quirk: reg 0x14: [io  0x03f6]
[    0.476011] pci 0000:00:01.1: legacy IDE quirk: reg 0x18: [io  0x0170-0x0177]
[    0.480013] pci 0000:00:01.1: legacy IDE quirk: reg 0x1c: [io  0x0376]
[    0.533656] pci 0000:00:07.0: quirk: [io  0x4000-0x403f] claimed by PIIX4 ACPI
[    0.536049] pci 0000:00:07.0: quirk: [io  0x4100-0x410f] claimed by PIIX4 SMB
[    0.566879] ACPI: PCI Interrupt Link [LNKA] (IRQs 5 9 10 *11)
[    0.569883] ACPI: PCI Interrupt Link [LNKB] (IRQs 5 9 *10 11)
[    0.572579] ACPI: PCI Interrupt Link [LNKC] (IRQs 5 *9 10 11)
[    0.576566] ACPI: PCI Interrupt Link [LNKD] (IRQs 5 9 10 *11)
[    0.584145] SCSI subsystem initialized
[    0.587037] pci 0000:00:02.0: vgaarb: setting as boot VGA device
[    0.587886] pci 0000:00:02.0: vgaarb: VGA device added: decodes=io+mem,owns=io+mem,locks=none
[    0.588050] pci 0000:00:02.0: vgaarb: bridge control possible
[    0.591315] vgaarb: loaded
[    0.592131] ACPI: bus type USB registered
[    0.594572] usbcore: registered new interface driver usbfs
[    0.596049] usbcore: registered new interface driver hub
[    0.600050] usbcore: registered new device driver usb
[    0.604190] EDAC MC: Ver: 3.0.0
[    0.608644] PCI: Using ACPI for IRQ routing
[    0.612714] NetLabel: Initializing
[    0.614836] NetLabel:  domain hash size = 128
[    0.616008] NetLabel:  protocols = UNLABELED CIPSOv4 CALIPSO
[    0.620061] NetLabel:  unlabeled traffic allowed by default
[    0.624135] clocksource: Switched to clocksource kvm-clock
[    0.701629] VFS: Disk quotas dquot_6.6.0
[    0.705005] VFS: Dquot-cache hash table entries: 512 (order 0, 4096 bytes)
[    0.710294] AppArmor: AppArmor Filesystem Enabled
[    0.713538] pnp: PnP ACPI init
[    0.720275] pnp: PnP ACPI: found 3 devices
[    0.735240] clocksource: acpi_pm: mask: 0xffffff max_cycles: 0xffffff, max_idle_ns: 2085701024 ns
[    0.741095] NET: Registered protocol family 2
[    0.743843] IP idents hash table entries: 16384 (order: 5, 131072 bytes)
[    0.753175] TCP established hash table entries: 8192 (order: 4, 65536 bytes)
[    0.756933] TCP bind hash table entries: 8192 (order: 5, 131072 bytes)
[    0.760199] TCP: Hash tables configured (established 8192 bind 8192)
[    0.763884] UDP hash table entries: 512 (order: 2, 16384 bytes)
[    0.767348] UDP-Lite hash table entries: 512 (order: 2, 16384 bytes)
[    0.771108] NET: Registered protocol family 1
[    0.773769] pci 0000:00:00.0: Limiting direct PCI/PCI transfers
[    0.777233] pci 0000:00:01.0: Activating ISA DMA hang workarounds
[    0.780890] pci 0000:00:02.0: Video device with shadowed ROM at [mem 0x000c0000-0x000dffff]
[    0.785917] Unpacking initramfs...
[    1.873509] Freeing initrd memory: 19532K
[    1.877135] clocksource: tsc: mask: 0xffffffffffffffff max_cycles: 0x21139aef754, max_idle_ns: 440795211890 ns
[    1.883155] platform rtc_cmos: registered platform RTC device (no PNP device found)
[    1.887486] Scanning for low memory corruption every 60 seconds
[    1.892477] Initialise system trusted keyrings
[    1.907939] Key type blacklist registered
[    1.914907] workingset: timestamp_bits=36 max_order=18 bucket_order=0
[    1.927126] zbud: loaded
[    1.931149] squashfs: version 4.0 (2009/01/31) Phillip Lougher
[    1.935375] fuse init (API version 7.26)
[    1.942719] Key type asymmetric registered
[    1.945289] Asymmetric key parser 'x509' registered
[    1.948424] Block layer SCSI generic (bsg) driver version 0.4 loaded (major 246)
[    1.952789] io scheduler noop registered
[    1.954949] io scheduler deadline registered
[    1.957691] io scheduler cfq registered (default)
[    1.961230] ACPI: AC Adapter [AC] (off-line)
[    1.964268] input: Power Button as /devices/LNXSYSTM:00/LNXPWRBN:00/input/input0
[    1.968835] ACPI: Power Button [PWRF]
[    1.971326] input: Sleep Button as /devices/LNXSYSTM:00/LNXSLPBN:00/input/input1
[    1.975293] ACPI: Sleep Button [SLPF]
[    1.980497] ACPI: Battery Slot [BAT0] (battery present)
[    1.982880] Serial: 8250/16550 driver, 32 ports, IRQ sharing enabled
[    2.007657] 00:02: ttyS0 at I/O 0x3f8 (irq = 4, base_baud = 115200) is a 16550A
[    2.016811] Linux agpgart interface v0.103
[    2.028599] loop: module loaded
[    2.032386] scsi host0: ata_piix
[    2.034457] scsi host1: ata_piix
[    2.036032] ata1: PATA max UDMA/33 cmd 0x1f0 ctl 0x3f6 bmdma 0xd000 irq 14
[    2.038838] ata2: PATA max UDMA/33 cmd 0x170 ctl 0x376 bmdma 0xd008 irq 15
[    2.042171] tun: Universal TUN/TAP device driver, 1.6
[    2.044802] PPP generic driver version 2.4.2
[    2.047438] ehci_hcd: USB 2.0 'Enhanced' Host Controller (EHCI) Driver
[    2.050665] ehci-pci: EHCI PCI platform driver
[    2.053887] ehci-platform: EHCI generic platform driver
[    2.057036] ohci_hcd: USB 1.1 'Open' Host Controller (OHCI) Driver
[    2.061350] ohci-pci: OHCI PCI platform driver
[    2.063911] ohci-platform: OHCI generic platform driver
[    2.067433] uhci_hcd: USB Universal Host Controller Interface driver
[    2.071685] i8042: PNP: PS/2 Controller [PNP0303:PS2K,PNP0f03:PS2M] at 0x60,0x64 irq 1,12
[    2.077937] serio: i8042 KBD port at 0x60,0x64 irq 1
[    2.080580] serio: i8042 AUX port at 0x60,0x64 irq 12
[    2.083105] mousedev: PS/2 mouse device common for all mice
[    2.086970] input: AT Translated Set 2 keyboard as /devices/platform/i8042/serio0/input/input2
[    2.088285] rtc_cmos rtc_cmos: rtc core: registered rtc_cmos as rtc0
[    2.096466] rtc_cmos rtc_cmos: alarms up to one day, 114 bytes nvram
[    2.100053] i2c /dev entries driver
[    2.102523] device-mapper: uevent: version 1.0.3
[    2.105224] device-mapper: ioctl: 4.37.0-ioctl (2017-09-20) initialised: dm-devel@redhat.com
[    2.109614] ledtrig-cpu: registered to indicate activity on CPUs
[    2.113756] NET: Registered protocol family 10
[    2.123313] Segment Routing with IPv6
[    2.125767] NET: Registered protocol family 17
[    2.128256] Key type dns_resolver registered
[    2.131229] mce: Using 0 MCE banks
[    2.133305] RAS: Correctable Errors collector initialized.
[    2.136531] sched_clock: Marking stable (2133254180, 0)->(2844099764, -710845584)
[    2.142100] registered taskstats version 1
[    2.144408] Loading compiled-in X.509 certificates
[    2.152477] Loaded X.509 cert 'Build time autogenerated kernel key: f114f3958ed3c37ba1924ca66ae8368f3c35b0e4'
[    2.158594] Loaded X.509 cert 'Canonical Ltd. Live Patch Signing: 14df34d1a87cf37625abec039ef2bf521249b969'
[    2.165373] Loaded X.509 cert 'Canonical Ltd. Kernel Module Signing: 88f752e560a1e0737e31163a466ad7b70a850c19'
[    2.170698] blacklist: Loading compiled-in revocation X.509 certificates
[    2.174677] Loaded X.509 cert 'Canonical Ltd. Secure Boot Signing: 61482aa2830d0ab2ad5af10b7250da9033ddcef0'
[    2.180937] zswap: loaded using pool lzo/zbud
[    2.192332] Key type big_key registered
[    2.195089] Key type trusted registered
[    2.214894] Key type encrypted registered
[    2.217463] AppArmor: AppArmor sha1 policy hashing enabled
[    2.220743] ima: No TPM chip found, activating TPM-bypass! (rc=-19)
[    2.224555] ima: Allocated hash algorithm: sha1
[    2.227291] evm: HMAC attrs: 0x1
[    2.229747]   Magic number: 7:871:315
[    2.232027] tty tty40: hash matches
[    2.234432] rtc_cmos rtc_cmos: setting system clock to 2023-01-28 05:20:49 UTC (1674883249)
[    2.239760] BIOS EDD facility v0.16 2004-Jun-25, 0 devices found
[    2.243405] EDD information not available.
[    2.261667] Freeing unused kernel image memory: 2472K
[    2.280139] Write protecting the kernel read-only data: 20480k
[    2.285895] Freeing unused kernel image memory: 2008K
[    2.289784] Freeing unused kernel image memory: 1824K
[    2.340787] x86/mm: Checked W+X mappings: passed, no W+X pages found.
[    2.344003] x86/mm: Checking user space page tables
[    2.393244] x86/mm: Checked W+X mappings: passed, no W+X pages found.
Loading, please wait...
starting version 237
[    2.637871] Fusion MPT base driver 3.04.20
[    2.640427] Copyright (c) 1999-2008 LSI Corporation
[    2.646799] e1000: Intel(R) PRO/1000 Network Driver - version 7.3.21-k8-NAPI
[    2.651389] e1000: Copyright (c) 1999-2006 Intel Corporation.
[    2.711880] Fusion MPT SPI Host driver 3.04.20
[    2.731327] AVX2 version of gcm_enc/dec engaged.
[    2.736153] AES CTR mode by8 optimization enabled
[    2.869621] input: ImExPS/2 Generic Explorer Mouse as /devices/platform/i8042/serio1/input/input4
[    3.333514] e1000 0000:00:03.0 eth0: (PCI:33MHz:32-bit) 02:0c:5d:76:46:7f
[    3.336524] e1000 0000:00:03.0 eth0: Intel(R) PRO/1000 Network Connection
[    3.342249] e1000 0000:00:03.0 enp0s3: renamed from eth0
[    3.342389] mptbase: ioc0: Initiating bringup
[    3.470162] ioc0: LSI53C1030 A0: Capabilities={Initiator}
[    3.735155] scsi host2: ioc0: LSI53C1030 A0, FwRev=00000000h, Ports=1, MaxQ=256, IRQ=20
[    3.921991] scsi 2:0:0:0: Direct-Access     VBOX     HARDDISK         1.0  PQ: 0 ANSI: 5
[    3.961293] scsi target2:0:0: Beginning Domain Validation
[    3.971140] scsi target2:0:0: Domain Validation skipping write tests
[    3.978387] scsi target2:0:0: Ending Domain Validation
[    3.984024] scsi target2:0:0: asynchronous
[    3.990244] scsi 2:0:1:0: Direct-Access     VBOX     HARDDISK         1.0  PQ: 0 ANSI: 5
[    4.024744] scsi target2:0:1: Beginning Domain Validation
[    4.030990] scsi target2:0:1: Domain Validation skipping write tests
[    4.035214] scsi target2:0:1: Ending Domain Validation
[    4.038449] scsi target2:0:1: asynchronous
[    4.048624] sd 2:0:0:0: Attached scsi generic sg0 type 0
[    4.052321] sd 2:0:0:0: [sda] 83886080 512-byte logical blocks: (42.9 GB/40.0 GiB)
[    4.060263] sd 2:0:0:0: [sda] Write Protect is off
[    4.061460] sd 2:0:1:0: Attached scsi generic sg1 type 0
[    4.066768] sd 2:0:0:0: [sda] Incomplete mode parameter data
[    4.069985] sd 2:0:0:0: [sda] Assuming drive cache: write through
[    4.073048] sd 2:0:1:0: [sdb] 20480 512-byte logical blocks: (10.5 MB/10.0 MiB)
[    4.077761] sd 2:0:1:0: [sdb] Write Protect is off
[    4.080670] sd 2:0:1:0: [sdb] Incomplete mode parameter data
[    4.084748] sd 2:0:1:0: [sdb] Assuming drive cache: write through
[    4.093551]  sda: sda1
[    4.096537] sd 2:0:0:0: [sda] Attached SCSI disk
[    4.112590] sd 2:0:1:0: [sdb] Attached SCSI disk
Begin: Loading essential drivers ... [    7.384260] raid6: sse2x1   gen()  1569 MB/s
[    7.432113] raid6: sse2x1   xor()   902 MB/s
[    7.480890] raid6: sse2x2   gen()  3072 MB/s
[    7.528742] raid6: sse2x2   xor()  1706 MB/s
[    7.576601] raid6: sse2x4   gen()  4373 MB/s
[    7.624350] raid6: sse2x4   xor()  2580 MB/s
[    7.672191] raid6: avx2x1   gen()  3290 MB/s
[    7.720106] raid6: avx2x1   xor()  1551 MB/s
[    7.768718] raid6: avx2x2   gen()  4751 MB/s
[    7.816795] raid6: avx2x2   xor()  2815 MB/s
[    7.864537] raid6: avx2x4   gen()  7231 MB/s
[    7.912064] raid6: avx2x4   xor()  3991 MB/s
[    7.914809] raid6: using algorithm avx2x4 gen() 7231 MB/s
[    7.918127] raid6: .... xor() 3991 MB/s, rmw enabled
[    7.921034] raid6: using avx2x2 recovery algorithm
[    7.927345] xor: automatically using best checksumming function   avx       
[    7.934436] async_tx: api initialized (async)
done.
Begin: Running /scripts/init-premount ... done.
Begin: Mounting root file system ... Begin: Running /scripts/local-top ... done.
Begin: Running /scripts/local-premount ... [    8.123821] Btrfs loaded, crc32c=crc32c-intel
Scanning for Btrfs filesystems
done.
Warning: fsck not present, so skipping root file system
[    8.206149] EXT4-fs (sda1): INFO: recovery required on readonly filesystem
[    8.210753] EXT4-fs (sda1): write access will be enabled during recovery
[    8.286622] EXT4-fs (sda1): recovery complete
[    8.289638] EXT4-fs (sda1): mounted filesystem with ordered data mode. Opts: (null)
done.
Begin: Running /scripts/local-bottom ... done.
Begin: Running /scripts/init-bottom ... done.
[    8.597450] ip_tables: (C) 2000-2006 Netfilter Core Team
[    8.620579] systemd[1]: systemd 237 running in system mode. (+PAM +AUDIT +SELINUX +IMA +APPARMOR +SMACK +SYSVINIT +UTMP +LIBCRYPTSETUP +GCRYPT +GNUTLS +ACL +XZ +LZ4 +SECCOMP +BLKID +ELFUTILS +KMOD -IDN2 +IDN -PCRE2 default-hierarchy=hybrid)
[    8.633266] systemd[1]: Detected virtualization oracle.
[    8.636291] systemd[1]: Detected architecture x86-64.

Welcome to [1mUbuntu 18.04.6 LTS[0m!

[    8.650168] systemd[1]: Set hostname to <ubuntu-bionic>.
[    9.151670] systemd[1]: Set up automount Arbitrary Executable File Formats File System Automount Point.
[[0;32m  OK  [0m] Set up automount Arbitrary Executabâ€¦rmats File System Automount Point.
[    9.160569] systemd[1]: Reached target Swap.
[[0;32m  OK  [0m] Reached target Swap.
[    9.165042] systemd[1]: Started Forward Password Requests to Wall Directory Watch.
[[0;32m  OK  [0m] Started Forward Password Requests to Wall Directory Watch.
[    9.176313] systemd[1]: Created slice User and Session Slice.
[[0;32m  OK  [0m] Created slice User and Session Slice.
[    9.183034] systemd[1]: Reached target User and Group Name Lookups.
[[0;32m  OK  [0m] Reached target User and Group Name Lookups.
[    9.190376] systemd[1]: Created slice System Slice.
[[0;32m  OK  [0m] Created slice System Slice.
[[0;32m  OK  [0m] Listening on LVM2 poll daemon socket.
[[0;32m  OK  [0m] Listening on udev Kernel Socket.
[[0;32m  OK  [0m] Listening on udev Control Socket.
[[0;32m  OK  [0m] Listening on Journal Socket.
         Starting Create list of required stâ€¦ce nodes for the current kernel...
         Mounting Kernel Debug File System...
         Starting Uncomplicated firewall...
         Mounting POSIX Message Queue File System...
[[0;32m  OK  [0m] Listening on /dev/initctl Compatibility Named Pipe.
[[0;32m  OK  [0m] Reached target Slices.
[[0;32m  OK  [0m] Listening on Journal Audit Socket.
[[0;32m  OK  [0m] Listening on Device-mapper event daemon FIFOs.
         Starting udev Coldplug all Devices...
         Starting Set the console keyboard layout...
[[0;32m  OK  [0m] Created slice system-serial\x2dgetty.slice.
         Mounting Huge Pages File System...
[[0;32m  OK  [0m] Reached target System Time Synchronized.
[[0;32m  OK  [0m] Listening on Network Service Netlink Socket.
[[0;32m  OK  [0m] Listening on LVM2 metadata daemon socket.
         Starting Monitoring of LVM2 mirrorsâ€¦ng dmeventd or progress polling...
[[0;32m  OK  [0m] Listening on fsck to fsckd communication Socket.
         Starting File System Check on Root Device...
         Starting Load Kernel Modules...
[[0;32m  OK  [0m] Listening on Journal Socket (/dev/log).
[[0;32m  OK  [0m] Listening on Syslog Socket.
         Starting Journal Service...
[[0;32m  OK  [0m] Started Create list of required staâ€¦vice nodes for the current kernel.
[[0;32m  OK  [0m] Mounted Kernel Debug File System.
[[0;32m  OK  [0m] Started Uncomplicated firewall.
[[0;32m  OK  [0m] Mounted POSIX Message Queue File System.
[[0;32m  OK  [0m] Mounted Huge Pages File System.
         Starting Create Static Device Nodes in /dev...
[    9.508721] Loading iSCSI transport class v2.0-870.
[[0;32m  OK  [0m] Started LVM2 metadata daemon.
[[0;32m  OK  [0m] Started File System Check Daemon to report status.
[    9.590623] iscsi: registered transport (tcp)
[[0;32m  OK  [0m] Started Create Static Device Nodes in /dev.
[[0;32m  OK  [0m] Started udev Coldplug all Devices.
[[0;32m  OK  [0m] Started Journal Service.
[[0;32m  OK  [0m] Started File System Check on Root Device.
         Starting Remount Root and Kernel File Systems...
[[0;32m  OK  [0m] Started Monitoring of LVM2 mirrors,â€¦sing dmeventd or progress polling.
[    9.762069] iscsi: registered transport (iser)
[    9.765873] EXT4-fs (sda1): re-mounted. Opts: (null)
[[0;32m  OK  [0m] Started Remount Root and Kernel File Systems.
         Starting Flush Journal to Persistent Storage...
         Starting Load/Save Random Seed...
         Starting udev Kernel Device Manager...
[[0;32m  OK  [0m] Started Load Kernel Modules.
         Mounting Kernel Configuration File System...
         Mounting FUSE Control File System...
         Starting Apply Kernel Variables...
[[0;32m  OK  [0m] Started Load/Save Random Seed.
[[0;32m  OK  [0m] Mounted Kernel Configuration File System.
[[0;32m  OK  [0m] Mounted FUSE Control File System.
[    9.879971] systemd-journald[424]: Received request to flush runtime journal from PID 1
[[0;32m  OK  [0m] Started udev Kernel Device Manager.
[[0;32m  OK  [0m] Started Set the console keyboard layout.
[[0;32m  OK  [0m] Started Dispatch Password Requests to Console Directory Watch.
[[0;32m  OK  [0m] Reached target Local Encrypted Volumes.
[[0;32m  OK  [0m] Reached target Local File Systems (Pre).
[[0;32m  OK  [0m] Reached target Local File Systems.
         Starting AppArmor initialization...
         Starting Tell Plymouth To Write Out Runtime Data...
         Starting ebtables ruleset management...
         Starting Set console font and keymap...
[[0;32m  OK  [0m] Started Apply Kernel Variables.
[[0;32m  OK  [0m] Started Tell Plymouth To Write Out Runtime Data.
[[0;32m  OK  [0m] Started Set console font and keymap.
[[0;32m  OK  [0m] Started Flush Journal to Persistent Storage.
         Starting Create Volatile Files and Directories...
[[0;32m  OK  [0m] Started ebtables ruleset management.
[[0;32m  OK  [0m] Started Create Volatile Files and Directories.
         Starting Update UTMP about System Boot/Shutdown...
[[0;32m  OK  [0m] Started Update UTMP about System Boot/Shutdown.
[[0;32m  OK  [0m] Started AppArmor initialization.
         Starting Initial cloud-init job (pre-networking)...
         Starting Load AppArmor profiles managed internally by snapd...
         Mounting Arbitrary Executable File Formats File System...
[[0;32m  OK  [0m] Mounted Arbitrary Executable File Formats File System.
[[0;32m  OK  [0m] Started Load AppArmor profiles managed internally by snapd.
[[0;32m  OK  [0m] Found device /dev/ttyS0.
[[0;32m  OK  [0m] Listening on Load/Save RF Kill Switch Status /dev/rfkill Watch.
[   15.782229] cloud-init[529]: Cloud-init v. 22.4.2-0ubuntu0~18.04.1 running 'init-local' at Sat, 28 Jan 2023 05:21:02 +0000. Up 15.29 seconds.
[[0;32m  OK  [0m] Started Initial cloud-init job (pre-networking).
[[0;32m  OK  [0m] Reached target Network (Pre).
         Starting Network Service...
[[0;32m  OK  [0m] Started Network Service.
         Starting Wait for Network to be Configured...
         Starting Network Name Resolution...
[[0;32m  OK  [0m] Started Network Name Resolution.
[[0;32m  OK  [0m] Reached target Network.
[[0;32m  OK  [0m] Reached target Host and Network Name Lookups.
[[0;32m  OK  [0m] Started Wait for Network to be Configured.
         Starting Initial cloud-init job (metadata service crawler)...
[   19.973721] cloud-init[680]: Cloud-init v. 22.4.2-0ubuntu0~18.04.1 running 'init' at Sat, 28 Jan 2023 05:21:06 +0000. Up 19.29 seconds.
[   19.980970] cloud-init[680]: ci-info: +++++++++++++++++++++++++++++++++++++Net device info++++++++++++++++++++++++++++++++++++++
[   19.988236] cloud-init[680]: ci-info: +--------+------+---------------------------+---------------+--------+-------------------+
[   19.995026] cloud-init[680]: ci-info: | Device |  Up  |          Address          |      Mask     | Scope  |     Hw-Address    |
[   20.002579] cloud-init[680]: ci-info: +--------+------+---------------------------+---------------+--------+-------------------+
[   20.010050] cloud-init[680]: ci-info: | enp0s3 | True |         10.0.2.15         | 255.255.255.0 | global | 02:0c:5d:76:46:7f |
[   20.014911] cloud-init[680]: ci-info: | enp0s3 | True | fe80::c:5dff:fe76:467f/64 |       .       |  link  | 02:0c:5d:76:46:7f |
[   20.029434] cloud-init[680]: ci-info: |   lo   | True |         127.0.0.1         |   255.0.0.0   |  host  |         .         |
[   20.035056] cloud-init[680]: ci-info: |   lo   | True |          ::1/128          |       .       |  host  |         .         |
[   20.052397] cloud-init[680]: ci-info: +--------+------+---------------------------+---------------+--------+-------------------+
[   20.057369] cloud-init[680]: ci-info: ++++++++++++++++++++++++++++Route IPv4 info+++++++++++++++++++++++++++++
[   20.065835] cloud-init[680]: ci-info: +-------+-------------+----------+-----------------+-----------+-------+
[   20.072701] cloud-init[680]: ci-info: | Route | Destination | Gateway  |     Genmask     | Interface | Flags |
[   20.079078] cloud-init[680]: ci-info: +-------+-------------+----------+-----------------+-----------+-------+
[   20.096736] cloud-init[680]: ci-info: |   0   |   0.0.0.0   | 10.0.2.2 |     0.0.0.0     |   enp0s3  |   UG  |
[   20.103439] cloud-init[680]: ci-info: |   1   |   10.0.2.0  | 0.0.0.0  |  255.255.255.0  |   enp0s3  |   U   |
[   20.112004] cloud-init[680]: ci-info: |   2   |   10.0.2.2  | 0.0.0.0  | 255.255.255.255 |   enp0s3  |   UH  |
[   20.134182] cloud-init[680]: ci-info: +-------+-------------+----------+-----------------+-----------+-------+
[   20.140604] cloud-init[680]: ci-info: +++++++++++++++++++Route IPv6 info+++++++++++++++++++
[   20.146984] cloud-init[680]: ci-info: +-------+-------------+---------+-----------+-------+
[   20.160552] cloud-init[680]: ci-info: | Route | Destination | Gateway | Interface | Flags |
[   20.164613] cloud-init[680]: ci-info: +-------+-------------+---------+-----------+-------+
[   20.168843] cloud-init[680]: ci-info: |   1   |  fe80::/64  |    ::   |   enp0s3  |   U   |
[   20.185162] cloud-init[680]: ci-info: |   3   |    local    |    ::   |   enp0s3  |   U   |
[   20.189739] cloud-init[680]: ci-info: |   4   |   ff00::/8  |    ::   |   enp0s3  |   U   |
[   20.195345] cloud-init[680]: ci-info: +-------+-------------+---------+-----------+-------+
[[0;32m  OK  [0m] Started Initial cloud-init job (metadata service crawler).
[[0;32m  OK  [0m] Reached target Cloud-config availability.
[[0;32m  OK  [0m] Reached target System Initialization.
[[0;32m  OK  [0m] Started ACPI Events Check.
[[0;32m  OK  [0m] Reached target Paths.
[[0;32m  OK  [0m] Listening on cloud-init hotplug hook socket.
[[0;32m  OK  [0m] Started Discard unused blocks once a week.
         Starting LXD - unix socket.
         Starting Socket activation for snappy daemon.
[[0;32m  OK  [0m] Started Daily apt upgrade and clean activities.
[[0;32m  OK  [0m] Listening on Open-iSCSI iscsid Socket.
[[0;32m  OK  [0m] Listening on ACPID Listen Socket.
[[0;32m  OK  [0m] Started Daily Cleanup of Temporary Directories.
[[0;32m  OK  [0m] Listening on UUID daemon activation socket.
[[0;32m  OK  [0m] Listening on D-Bus System Message Bus Socket.
[[0;32m  OK  [0m] Started Message of the Day.
[[0;32m  OK  [0m] Started Ubuntu Advantage Timer for running repeated jobs.
[[0;32m  OK  [0m] Reached target Timers.
[[0;32m  OK  [0m] Reached target Network is Online.
         Starting Availability of block devices...
[[0;32m  OK  [0m] Reached target Remote File Systems (Pre).
         Mounting /vagrant...
[[0;32m  OK  [0m] Listening on LXD - unix socket.
[[0;32m  OK  [0m] Listening on Socket activation for snappy daemon.
[[0;32m  OK  [0m] Reached target Sockets.
[[0;32m  OK  [0m] Reached target Basic System.
[[0;32m  OK  [0m] Started FUSE filesystem for LXC.
         Starting Message of the Day...
[[0;32m  OK  [0m] Started irqbalance daemon.
[[0;32m  OK  [0m] Started D-Bus System Message Bus.
[[0;32m  OK  [0m] Started Deferred execution scheduler.
         Starting LXD - container startup/shutdown...
         Starting Virtualbox guest utils...
         Starting Snap Daemon...
[[0;32m  OK  [0m] Started Regular background program processing daemon.
         Starting Accounts Service...
         Starting OpenBSD Secure Shell server...
         Starting System Logging Service...
         Starting LSB: Record successful boot for GRUB...
         Starting Dispatcher daemon for systemd-networkd...
         Starting Login Service...
[[0;32m  OK  [0m] Reached target Login Prompts (Pre).
[[0;32m  OK  [0m] Started Availability of block devices.
[[0;32m  OK  [0m] Mounted /vagrant.
[[0;32m  OK  [0m] Reached target Remote File Systems.
         Starting Permit User Sessions...
         Starting LSB: automatic crash report generation...
[[0;32m  OK  [0m] Started Permit User Sessions.
         Starting Hold until boot process finishes up...
         Starting Terminate Plymouth Boot Screen...
[[0;32m  OK  [0m] Started Hold until boot process finishes up.
[[0;32m  OK  [0m] Started Terminate Plymouth Boot Screen.
[[0;32m  OK  [0m] Started Login Service.
[[0;32m  OK  [0m] Started Unattended Upgrades Shutdown.
         Starting Authorization Manager...
[[0;32m  OK  [0m] Started Serial Getty on ttyS0.
         Starting Set console scheme...
[[0;32m  OK  [0m] Started System Logging Service.
[[0;32m  OK  [0m] Started Set console scheme.
[[0;32m  OK  [0m] Created slice system-getty.slice.
[[0;32m  OK  [0m] Started Getty on tty1.
[[0;32m  OK  [0m] Reached target Login Prompts.
[[0;32m  OK  [0m] Started OpenBSD Secure Shell server.
[[0;32m  OK  [0m] Started LSB: automatic crash report generation.
[[0;32m  OK  [0m] Started LSB: Record successful boot for GRUB.
[[0;32m  OK  [0m] Started LXD - container startup/shutdown.
[[0;32m  OK  [0m] Started Authorization Manager.
[[0;32m  OK  [0m] Started Accounts Service.
[[0;32m  OK  [0m] Started Virtualbox guest utils.
[[0;32m  OK  [0m] Created slice User Slice of vagrant.
         Starting User Manager for UID 1000...
[[0;32m  OK  [0m] Started Session 1 of user vagrant.
[[0;32m  OK  [0m] Started Snap Daemon.
         Starting Wait until snapd is fully seeded...
[[0;32m  OK  [0m] Started Dispatcher daemon for systemd-networkd.
         Starting Time & Date Service...
[[0;32m  OK  [0m] Started User Manager for UID 1000.
[[0;32m  OK  [0m] Started Time & Date Service.
[[0;32m  OK  [0m] Started Wait until snapd is fully seeded.
         Starting Apply the settings specified in cloud-config...

Ubuntu 18.04.6 LTS ubuntu-bionic ttyS0

ubuntu-bionic login: [   28.664970] cloud-init[1025]: Cloud-init v. 22.4.2-0ubuntu0~18.04.1 running 'modules:config' at Sat, 28 Jan 2023 05:21:15 +0000. Up 28.08 seconds.
[   31.302066] cloud-init[1161]: Cloud-init v. 22.4.2-0ubuntu0~18.04.1 running 'modules:final' at Sat, 28 Jan 2023 05:21:17 +0000. Up 30.71 seconds.
[   31.302407] cloud-init[1161]: Cloud-init v. 22.4.2-0ubuntu0~18.04.1 finished at Sat, 28 Jan 2023 05:21:18 +0000. Datasource DataSourceNoCloud [seed=/dev/sdb][dsmode=net].  Up 31.27 seconds
